
> rooeel-frontend@0.0.0 build
> tsc -b && vite build

src/components/layout/Sidebar.tsx(3,10): error TS6133: 'Home' is declared but its value is never read.
src/components/project/ProjectDesignationManager.tsx(24,52): error TS6133: 'designationsLoading' is declared but its value is never read.
src/components/project/ProjectDesignationManager.tsx(25,56): error TS6133: 'projectDesignationsLoading' is declared but its value is never read.
src/pages/user/MyRequestsPage.tsx(9,34): error TS2307: Cannot find module '@/components/UserDataDebugger' or its corresponding type declarations.
src/pages/user/UserListPage.tsx(62,37): error TS6133: 'projectId' is declared but its value is never read.
